06-01 18:34:49.528 18924 18949 I Gralloc4: mapper 4.x is not supported
06-01 18:34:49.529 18924 18949 D HostConnection: createUnique: call
06-01 18:34:49.530 18924 18949 D HostConnection: HostConnection::get() New Host Connection established 0x7dd7c3729790, tid 18949
06-01 18:34:49.531 18924 18949 D goldfish-address-space: allocate: Ask for block of size 0x100
06-01 18:34:49.531 18924 18949 D goldfish-address-space: allocate: ioctl allocate returned offset 0x3e7ffe000 size 0x2000
06-01 18:34:49.569   216   216 I hwservicemanager: getTransport: Cannot find entry android.hardware.graphics.allocator@4.0::IAllocator/default in either framework or device VINTF manifest.
06-01 18:34:49.569 18924 18949 W Gralloc4: allocator 4.x is not supported
06-01 18:34:49.573   374   374 D goldfish-address-space: claimShared: Ask to claim region [0x3ec000000 0x3ece10000]
06-01 18:34:49.578   396   548 D AudioFlinger: mixer(0x7130840e4a60) throttle end: throttle time(8)
06-01 18:34:49.586 18924 18949 D HostConnection: HostComposition ext ANDROID_EMU_CHECKSUM_HELPER_v1 ANDROID_EMU_native_sync_v2 ANDROID_EMU_native_sync_v3 ANDROID_EMU_native_sync_v4 ANDROID_EMU_dma_v1 ANDROID_EMU_direct_mem ANDROID_EMU_host_composition_v1 ANDROID_EMU_host_composition_v2 ANDROID_EMU_vulkan ANDROID_EMU_deferred_vulkan_commands ANDROID_EMU_vulkan_null_optional_strings ANDROID_EMU_vulkan_create_resources_with_requirements ANDROID_EMU_YUV_Cache ANDROID_EMU_vulkan_ignored_handles ANDROID_EMU_has_shared_slots_host_memory_allocator ANDROID_EMU_vulkan_free_memory_sync ANDROID_EMU_vulkan_shader_float16_int8 ANDROID_EMU_vulkan_async_queue_submit ANDROID_EMU_vulkan_queue_submit_with_commands ANDROID_EMU_sync_buffer_data ANDROID_EMU_read_color_buffer_dma ANDROID_EMU_hwc_multi_configs GL_OES_vertex_array_object GL_KHR_texture_compression_astc_ldr ANDROID_EMU_host_side_tracing ANDROID_EMU_gles_max_version_2
06-01 18:34:49.588   374   374 D goldfish-address-space: claimShared: Ask to claim region [0x3ece10000 0x3edc20000]
06-01 18:34:49.590   374   374 D goldfish-address-space: claimShared: Ask to claim region [0x3edc20000 0x3eea30000]
06-01 18:34:49.685   374   374 D goldfish-address-space: claimShared: Ask to claim region [0x3f0000000 0x3f0e10000]
06-01 18:34:49.687   374   374 D goldfish-address-space: claimShared: Ask to claim region [0x3f10d7000 0x3f1ee7000]
06-01 18:34:49.689   374   374 D goldfish-address-space: claimShared: Ask to claim region [0x3f4000000 0x3f4e10000]
06-01 18:34:49.704   577   598 I ActivityTaskManager: Displayed com.weatherapp.test/androidx.test.core.app.InstrumentationActivityInvoker$EmptyActivity: +271ms
06-01 18:34:49.711   374   374 D goldfish-address-space: claimShared: Ask to claim region [0x3ece10000 0x3ed710000]
06-01 18:34:49.743 18900 18900 D LifecycleMonitor: Lifecycle status change: com.weatherapp.activities.MainActivity@c247ec9 in: STOPPED
06-01 18:34:49.743   577  3171 W InputManager-JNI: Input channel object '80e99a2 com.weatherapp.test/androidx.test.core.app.InstrumentationActivityInvoker$EmptyActivity (client)' was disposed without first being removed with the input manager!
06-01 18:34:49.744 18900 18900 V ActivityScenario: Update currentActivityStage to STOPPED, currentActivity=com.weatherapp.activities.MainActivity@c247ec9
06-01 18:34:49.751   577  3171 W InputReader: Device virtio_input_multi_touch_4 is associated with display ADISPLAY_ID_NONE.
06-01 18:34:49.751   577  3171 W InputReader: Device virtio_input_multi_touch_11 is associated with display ADISPLAY_ID_NONE.
06-01 18:34:49.752   577  3171 W InputReader: Device virtio_input_multi_touch_8 is associated with display ADISPLAY_ID_NONE.
06-01 18:34:49.752 18900 18900 D LifecycleMonitor: Lifecycle status change: com.weatherapp.activities.MainActivity@c247ec9 in: DESTROYED
06-01 18:34:49.753 18900 18900 V ActivityScenario: Update currentActivityStage to DESTROYED, currentActivity=null
06-01 18:34:49.753   577  3171 W InputReader: Device virtio_input_multi_touch_2 is associated with display ADISPLAY_ID_NONE.
06-01 18:34:49.754   577  3171 W InputReader: Device virtio_input_multi_touch_9 is associated with display ADISPLAY_ID_NONE.
06-01 18:34:49.754   577  3171 W InputReader: Device virtio_input_multi_touch_10 is associated with display ADISPLAY_ID_NONE.
06-01 18:34:49.754   577  3171 W InputReader: Device virtio_input_multi_touch_3 is associated with display ADISPLAY_ID_NONE.
06-01 18:34:49.755   577  3171 W InputReader: Device virtio_input_multi_touch_7 is associated with display ADISPLAY_ID_NONE.
06-01 18:34:49.755   577  3171 W InputReader: Device virtio_input_multi_touch_5 is associated with display ADISPLAY_ID_NONE.
06-01 18:34:49.756   577  3171 W InputReader: Device virtio_input_multi_touch_6 is associated with display ADISPLAY_ID_NONE.
06-01 18:34:49.760 18900 18921 E TestRunner: failed: should_display_Globe_when_permissionsAreDenied(com.weatherapp.activities.MainActivityTest)
06-01 18:34:49.760 18900 18921 E TestRunner: ----- begin exception -----
06-01 18:34:49.762 18900 18921 E TestRunner: androidx.test.espresso.NoMatchingViewException: No views in hierarchy found matching: an instance of android.widget.TextView and view.getText() with or without transformation to match: is "US"
06-01 18:34:49.762 18900 18921 E TestRunner:
06-01 18:34:49.762 18900 18921 E TestRunner: View Hierarchy:
06-01 18:34:49.762 18900 18921 E TestRunner: +>DecorView{id=-1, visibility=VISIBLE, width=1440, height=2560, has-focus=false, has-focusable=true, has-window-focus=true, is-clickable=false, is-enabled=true, is-focused=false, is-focusable=false, is-layout-requested=false, is-selected=false, layout-params={(0,0)(fillxfill) ty=BASE_APPLICATION wanim=0x10302fe
06-01 18:34:49.762 18900 18921 E TestRunner:   fl=LAYOUT_IN_SCREEN LAYOUT_INSET_DECOR SPLIT_TOUCH HARDWARE_ACCELERATED DRAWS_SYSTEM_BAR_BACKGROUNDS
06-01 18:34:49.762 18900 18921 E TestRunner:   pfl=NO_MOVE_ANIMATION FORCE_DRAW_STATUS_BAR_BACKGROUND FIT_INSETS_CONTROLLED
06-01 18:34:49.762 18900 18921 E TestRunner:   bhv=DEFAULT
06-01 18:34:49.762 18900 18921 E TestRunner:   fitSides=}, tag=null, root-is-layout-requested=false, has-input-connection=false, x=0.0, y=0.0, child-count=3}
06-01 18:34:49.762 18900 18921 E TestRunner: |
06-01 18:34:49.762 18900 18921 E TestRunner: +->LinearLayout{id=-1, visibility=VISIBLE, width=1440, height=2504, has-focus=false, has-focusable=true, has-window-focus=true, is-clickable=false, is-enabled=true, is-focused=false, is-focusable=false, is-layout-requested=false, is-selected=false, layout-params=android.widget.FrameLayout$LayoutParams@c6727e1, tag=null, root-is-layout-requested=false, has-input-connection=false, x=0.0, y=0.0, child-count=2}
06-01 18:34:49.762 18900 18921 E TestRunner: |
06-01 18:34:49.762 18900 18921 E TestRunner: +-->ViewStub{id=16908723, res-name=action_mode_bar_stub, visibility=GONE, width=0, height=0, has-focus=false, has-focusable=false, has-window-focus=true, is-clickable=false, is-enabled=true, is-focused=false, is-focusable=false, is-layout-requested=true, is-selected=false, layout-params=android.widget.LinearLayout$LayoutParams@f18b906, tag=null, root-is-layout-requested=false, has-input-connection=false, x=0.0, y=0.0}
06-01 18:34:49.762 18900 18921 E TestRunner: |
06-01 18:34:49.762 18900 18921 E TestRunner: +-->FrameLayout{id=-1, visibility=VISIBLE, width=1440, height=2420, has-focus=false, has-focusable=true, has-window-focus=true, is-clickable=false, is-enabled=true, is-focused=false, is-focusable=false, is-layout-requested=false, is-selected=false, layout-params=android.widget.LinearLayout$LayoutParams@68acbc7, tag=null, root-is-layout-requested=false, has-input-connection=false, x=0.0, y=84.0, child-count=1}
06-01 18:34:49.762 18900 18921 E TestRunner: |
06-01 18:34:49.762 18900 18921 E TestRunner: +--->ActionBarOverlayLayout{id=2131230870, res-name=decor_content_parent, visibility=VISIBLE, width=1440, height=2420, has-focus=false, has-focusable=true, has-window-focus=true, is-clickable=false, is-enabled=true, is-focused=false, is-focusable=false, is-layout-requested=false, is-selected=false, layout-params=android.widget.FrameLayout$LayoutParams@61995f4, tag=null, root-is-layout-requested=false, has-input-connection=false, x=0.0, y=0.0, child-count=2}
06-01 18:34:49.762 18900 18921 E TestRunner: |
06-01 18:34:49.762 18900 18921 E TestRunner: +---->ContentFrameLayout{id=16908290, res-name=content, visibility=VISIBLE, width=1440, height=2224, has-focus=false, has-focusable=true, has-window-focus=true, is-clickable=false, is-enabled=true, is-focused=false, is-focusable=false, is-layout-requested=false, is-selected=false, layout-params=androidx.appcompat.widget.ActionBarOverlayLayout$LayoutParams@34d611d, tag=null, root-is-layout-requested=false, has-input-connection=false, x=0.0, y=196.0, child-count=1}
06-01 18:34:49.762 18900 18921 E TestRunner: |
06-01 18:34:49.762 18900 18921 E TestRunner: +----->LinearLayout{id=2131230983, res-name=main_layout, visibility=VISIBLE, width=1440, height=2224, has-focus=false, has-focusable=true, has-window-focus=true, is-clickable=false, is-enabled=true, is-focused=false, is-focusable=false, is-layout-requested=false, is-selected=false, layout-params=android.widget.FrameLayout$LayoutParams@4f75f92, tag=null, root-is-layout-requested=false, has-input-connection=false, x=0.0, y=0.0, child-count=5}
06-01 18:34:49.762 18900 18921 E TestRunner: |
06-01 18:34:49.762 18900 18921 E TestRunner: +------>LinearLayout{id=-1, visibility=VISIBLE, width=1328, height=245, has-focus=false, has-focusable=false, has-window-focus=true, is-clickable=false, is-enabled=true, is-focused=false, is-focusable=false, is-layout-requested=false, is-selected=false, layout-params=android.widget.LinearLayout$LayoutParams@95e5d63, tag=null, root-is-layout-requested=false, has-input-connection=false, x=56.0, y=56.0, child-count=2}
06-01 18:34:49.762 18900 18921 E TestRunner: |
06-01 18:34:49.762 18900 18921 E TestRunner: +------->CardView{id=-1, visibility=VISIBLE, width=628, height=245, has-focus=false, has-focusable=false, has-window-focus=true, is-clickable=false, is-enabled=true, is-focused=false, is-focusable=false, is-layout-requested=false, is-selected=false, layout-params=android.widget.LinearLayout$LayoutParams@b341d60, tag=null, root-is-layout-requested=false, has-input-connection=false, x=18.0, y=0.0, child-count=1}
06-01 18:34:49.762 18900 18921 E TestRunner: |
06-01 18:34:49.762 18900 18921 E TestRunner: +-------->LinearLayout{id=-1, visibility=VISIBLE, width=628, height=245, has-focus=false, has-focusable=false, has-window-focus=true, is-clickable=false, is-enabled=true, is-focused=false, is-focusable=false, is-layout-requested=false, is-selected=false, layout-params=android.widget.FrameLayout$LayoutParams@e63f219, tag=null, root-is-layout-requested=false, has-input-connection=false, x=0.0, y=0.0, child-count=2}
06-01 18:34:49.762 18900 18921 E TestRunner: |
06-01 18:34:49.762 18900 18921 E TestRunner: +--------->AppCompatImageView{id=2131230965, res-name=iv_main, desc=image, visibility=VISIBLE, width=175, height=175, has-focus=false, has-focusable=false, has-window-focus=true, is-clickable=false, is-enabled=true, is-focused=false, is-focusable=false, is-layout-requested=false, is-selected=false, layout-params=android.widget.LinearLayout$LayoutParams@ca7e2de, tag=null, root-is-layout-requested=false, has-input-connection=false, x=35.0, y=35.0}
06-01 18:34:49.762 18900 18921 E TestRunner: |
06-01 18:34:49.762 18900 18921 E TestRunner: +--------->LinearLayout{id=-1, visibility=VISIBLE, width=348, height=161, has-focus=false, has-focusable=false, has-window-focus=true, is-clickable=false, is-enabled=true, is-focused=false, is-focusable=false, is-layout-requested=false, is-selected=false, layout-params=android.widget.LinearLayout$LayoutParams@4f6cbf, tag=null, root-is-layout-requested=false, has-input-connection=false, x=245.0, y=42.0, child-count=2}
06-01 18:34:49.762 18900 18921 E TestRunner: |
06-01 18:34:49.762 18900 18921 E TestRunner: +---------->AppCompatTextView{id=2131231206, res-name=tv_main, visibility=VISIBLE, width=348, height=85, has-focus=false, has-focusable=false, has-window-focus=true, is-clickable=false, is-enabled=true, is-focused=false, is-focusable=false, is-layout-requested=false, is-selected=false, layout-params=android.widget.LinearLayout$LayoutParams@fadaf8c, tag=null, root-is-layout-requested=false, has-input-connection=false, x=0.0, y=0.0, text=Clouds, input-type=0, ime-target=false, has-links=false}
06-01 18:34:49.762 18900 18921 E TestRunner: |
06-01 18:34:49.762 18900 18921 E TestRunner: +---------->AppCompatTextView{id=2131231207, res-name=tv_main_description, visibility=VISIBLE, width=348, height=76, has-focus=false, has-focusable=false, has-window-focus=true, is-clickable=false, is-enabled=true, is-focused=false, is-focusable=false, is-layout-requested=false, is-selected=false, layout-params=android.widget.LinearLayout$LayoutParams@ab896d5, tag=null, root-is-layout-requested=false, has-input-connection=false, x=0.0, y=85.0, text=few clouds, input-type=0, ime-target=false, has-links=false}
06-01 18:34:49.762 18900 18921 E TestRunner: |
06-01 18:34:49.762 18900 18921 E TestRunner: +------->CardView{id=-1, visibility=VISIBLE, width=628, height=245, has-focus=false, has-focusable=false, has-window-focus=true, is-clickable=false, is-enabled=true, is-focused=false, is-focusable=false, is-layout-requested=false, is-selected=false, layout-params=android.widget.LinearLayout$LayoutParams@c4b4eea, tag=null, root-is-layout-requested=false, has-input-connection=false, x=682.0, y=0.0, child-count=1}
06-01 18:34:49.762 18900 18921 E TestRunner: |
06-01 18:34:49.762 18900 18921 E TestRunner: +-------->LinearLayout{id=-1, visibility=VISIBLE, width=628, height=245, has-focus=false, has-focusable=false, has-window-focus=true, is-clickable=false, is-enabled=true, is-focused=false, is-focusable=false, is-layout-requested=false, is-selected=false, layout-params=android.widget.FrameLayout$LayoutParams@11815db, tag=null, root-is-layout-requested=false, has-input-connection=false, x=0.0, y=0.0, child-count=2}
06-01 18:34:49.762 18900 18921 E TestRunner: |
06-01 18:34:49.762 18900 18921 E TestRunner: +--------->AppCompatImageView{id=2131230963, res-name=iv_humidity, desc=image, visibility=VISIBLE, width=175, height=175, has-focus=false, has-focusable=false, has-window-focus=true, is-clickable=false, is-enabled=true, is-focused=false, is-focusable=false, is-layout-requested=false, is-selected=false, layout-params=android.widget.LinearLayout$LayoutParams@4c3878, tag=null, root-is-layout-requested=false, has-input-connection=false, x=35.0, y=35.0}
06-01 18:34:49.762 18900 18921 E TestRunner: |
06-01 18:34:49.762 18900 18921 E TestRunner: +--------->LinearLayout{id=-1, visibility=VISIBLE, width=348, height=161, has-focus=false, has-focusable=false, has-window-focus=true, is-clickable=false, is-enabled=true, is-focused=false, is-focusable=false, is-layout-requested=false, is-selected=false, layout-params=android.widget.LinearLayout$LayoutParams@e78cb51, tag=null, root-is-layout-requested=false, has-input-connection=false, x=245.0, y=42.0, child-count=2}
06-01 18:34:49.762 18900 18921 E TestRunner: |
06-01 18:34:49.762 18900 18921 E TestRunner: +---------->AppCompatTextView{id=2131231215, res-name=tv_temp, visibility=VISIBLE, width=348, height=85, has-focus=false, has-focusable=false, has-window-focus=true, is-clickable=false, is-enabled=true, is-focused=false, is-focusable=false, is-layout-requested=false, is-selected=false, layout-params=android.widget.LinearLayout$LayoutParams@9076fb6, tag=null, root-is-layout-requested=false, has-input-connection=false, x=0.0, y=0.0, text=29C, input-type=0, ime-target=false, has-links=false}
06-01 18:34:49.762 18900 18921 E TestRunner: |
06-01 18:34:49.762 18900 18921 E TestRunner: +---------->AppCompatTextView{id=2131231205, res-name=tv_humidity, visibility=VISIBLE, width=348, height=76, has-focus=false, has-focusable=false, has-window-focus=true, is-clickable=false, is-enabled=true, is-focused=false, is-focusable=false, is-layout-requested=false, is-selected=false, layout-params=android.widget.LinearLayout$LayoutParams@8f834b7, tag=null, root-is-layout-requested=false, has-input-connection=false, x=0.0, y=85.0, text=66.0 per cent, input-type=0, ime-target=false, has-links=false}
06-01 18:34:49.762 18900 18921 E TestRunner: |
06-01 18:34:49.762 18900 18921 E TestRunner: +------>LinearLayout{id=-1, visibility=VISIBLE, width=1328, height=245, has-focus=false, has-focusable=false, has-window-focus=true, is-clickable=false, is-enabled=true, is-focused=false, is-focusable=false, is-layout-requested=false, is-selected=false, layout-params=android.widget.LinearLayout$LayoutParams@e486424, tag=null, root-is-layout-requested=false, has-input-connection=false, x=56.0, y=357.0, child-count=2}
06-01 18:34:49.762 18900 18921 E TestRunner: |
06-01 18:34:49.762 18900 18921 E TestRunner: +------->CardView{id=-1, visibility=VISIBLE, width=628, height=245, has-focus=false, has-focusable=false, has-window-focus=true, is-clickable=false, is-enabled=true, is-focused=false, is-focusable=false, is-layout-requested=false, is-selected=false, layout-params=android.widget.LinearLayout$LayoutParams@b2dcb8d, tag=null, root-is-layout-requested=false, has-input-connection=false, x=18.0, y=0.0, child-count=1}
06-01 18:34:49.762 18900 18921 E TestRunner: |
06-01 18:34:49.762 18900 18921 E TestRunner: +-------->LinearLayout{id=-1, visibility=VISIBLE, width=628, height=245, has-focus=false, has-focusable=false, has-window-focus=true, is-clickable=false, is-enabled=true, is-focused=false, is-focusable=false, is-layout-requested=false, is-selected=false, layout-params=android.widget.FrameLayout$LayoutParams@292d142, tag=null, root-is-layout-requested=false, has-input-connection=false, x=0.0, y=0.0, child-count=2}
06-01 18:34:49.762 18900 18921 E TestRunner: |
06-01 18:34:49.762 18900 18921 E TestRunner: +--------->AppCompatImageView{id=2131230966, res-name=iv_min_max, desc=image, visibility=VISIBLE, width=175, height=175, has-focus=false, has-focusable=false, has-window-focus=true, is-clickable=false, is-enabled=true, is-focused=false, is-focusable=false, is-layout-requested=false, is-selected=false, layout-params=android.widget.LinearLayout$LayoutParams@f516553, tag=null, root-is-layout-requested=false, has-input-connection=false, x=35.0, y=35.0}
06-01 18:34:49.762 18900 18921 E TestRunner: |
06-01 18:34:49.762 18900 18921 E TestRunner: +--------->LinearLayout{id=-1, visibility=VISIBLE, width=348, height=161, has-focus=false, has-focusable=false, has-window-focus=true, is-clickable=false, is-enabled=true, is-focused=false, is-focusable=false, is-layout-requested=false, is-selected=false, layout-params=android.widget.LinearLayout$LayoutParams@3b99e90, tag=null, root-is-layout-requested=false, has-input-connection=false, x=245.0, y=42.0, child-count=2}
06-01 18:34:49.762 18900 18921 E TestRunner: |
06-01 18:34:49.762 18900 18921 E TestRunner: +---------->AppCompatTextView{id=2131231209, res-name=tv_min, visibility=VISIBLE, width=348, height=85, has-focus=false, has-focusable=false, has-window-focus=true, is-clickable=false, is-enabled=true, is-focused=false, is-focusable=false, is-layout-requested=false, is-selected=false, layout-params=android.widget.LinearLayout$LayoutParams@7b89389, tag=null, root-is-layout-requested=false, has-input-connection=false, x=0.0, y=0.0, text=29C min, input-type=0, ime-target=false, has-links=false}
06-01 18:34:49.762 18900 18921 E TestRunner: |
06-01 18:34:49.762 18900 18921 E TestRunner: +---------->AppCompatTextView{id=2131231208, res-name=tv_max, visibility=VISIBLE, width=348, height=76, has-focus=false, has-focusable=false, has-window-focus=true, is-clickable=false, is-enabled=true, is-focused=false, is-focusable=false, is-layout-requested=false, is-selected=false, layout-params=android.widget.LinearLayout$LayoutParams@b80bf8e, tag=null, root-is-layout-requested=false, has-input-connection=false, x=0.0, y=85.0, text=29C max, input-type=0, ime-target=false, has-links=false}
06-01 18:34:49.762 18900 18921 E TestRunner: |
06-01 18:34:49.762 18900 18921 E TestRunner: +------->CardView{id=-1, visibility=VISIBLE, width=628, height=245, has-focus=false, has-focusable=false, has-window-focus=true, is-clickable=false, is-enabled=true, is-focused=false, is-focusable=false, is-layout-requested=false, is-selected=false, layout-params=android.widget.LinearLayout$LayoutParams@60303af, tag=null, root-is-layout-requested=false, has-input-connection=false, x=682.0, y=0.0, child-count=1}
06-01 18:34:49.762 18900 18921 E TestRunner: |
06-01 18:34:49.762 18900 18921 E TestRunner: +-------->LinearLayout{id=-1, visibility=VISIBLE, width=628, height=245, has-focus=false, has-focusable=false, has-window-focus=true, is-clickable=false, is-enabled=true, is-focused=false, is-focusable=false, is-layout-requested=false, is-selected=false, layout-params=android.widget.FrameLayout$LayoutParams@2c213bc, tag=null, root-is-layout-requested=false, has-input-connection=false, x=0.0, y=0.0, child-count=2}
06-01 18:34:49.762 18900 18921 E TestRunner: |
06-01 18:34:49.762 18900 18921 E TestRunner: +--------->AppCompatImageView{id=2131230969, res-name=iv_wind, desc=image, visibility=VISIBLE, width=175, height=175, has-focus=false, has-focusable=false, has-window-focus=true, is-clickable=false, is-enabled=true, is-focused=false, is-focusable=false, is-layout-requested=false, is-selected=false, layout-params=android.widget.LinearLayout$LayoutParams@e0ddf45, tag=null, root-is-layout-requested=false, has-input-connection=false, x=35.0, y=35.0}
06-01 18:34:49.762 18900 18921 E TestRunner: |
06-01 18:34:49.762 18900 18921 E TestRunner: +--------->LinearLayout{id=-1, visibility=VISIBLE, width=348, height=161, has-focus=false, has-focusable=false, has-window-focus=true, is-clickable=false, is-enabled=true, is-focused=false, is-focusable=false, is-layout-requested=false, is-selected=false, layout-params=android.widget.LinearLayout$LayoutParams@a4d469a, tag=null, root-is-layout-requested=false, has-input-connection=false, x=245.0, y=42.0, child-count=2}
06-01 18:34:49.762 18900 18921 E TestRunner: |
06-01 18:34:49.762 18900 18921 E TestRunner: +---------->AppCompatTextView{id=2131231211, res-name=tv_speed, visibility=VISIBLE, width=348, height=85, has-focus=false, has-focusable=false, has-window-focus=true, is-clickable=false, is-enabled=true, is-focused=false, is-focusable=false, is-layout-requested=false, is-selected=false, layout-params=android.widget.LinearLayout$LayoutParams@3862bcb, tag=null, root-is-layout-requested=false, has-input-connection=false, x=0.0, y=0.0, text=0.89, input-type=0, ime-target=false, has-links=false}
06-01 18:34:49.762 18900 18921 E TestRunner: |
06-01 18:34:49.762 18900 18921 E TestRunner: +---------->AppCompatTextView{id=2131231212, res-name=tv_speed_unit, visibility=VISIBLE, width=348, height=76, has-focus=false, has-focusable=false, has-window-focus=true, is-clickable=false, is-enabled=true, is-focused=false, is-focusable=false, is-layout-requested=false, is-selected=false, layout-params=android.widget.LinearLayout$LayoutParams@b7aafa8, tag=null, root-is-layout-requested=false, has-input-connection=false, x=0.0, y=85.0, text=miles/hour, input-type=0, ime-target=false, has-links=false}
06-01 18:34:49.762 18900 18921 E TestRunner: |
06-01 18:34:49.763 18900 18921 E TestRunner: +------>CardView{id=-1, visibility=VISIBLE, width=1292, height=612, has-focus=false, has-focusable=false, has-window-focus=true, is-clickable=false, is-enabled=true, is-focused=false, is-focusable=false, is-layout-requested=false, is-selected=false, layout-params=android.widget.LinearLayout$LayoutParams@8b22ac1, tag=null, root-is-layout-requested=false, has-input-connection=false, x=74.0, y=658.0, child-count=1}
06-01 18:34:49.763 18900 18921 E TestRunner: |
06-01 18:34:49.763 18900 18921 E TestRunner: +------->LinearLayout{id=-1, visibility=VISIBLE, width=1292, height=612, has-focus=false, has-focusable=false, has-window-focus=true, is-clickable=false, is-enabled=true, is-focused=false, is-focusable=false, is-layout-requested=false, is-selected=false, layout-params=android.widget.FrameLayout$LayoutParams@f293266, tag=null, root-is-layout-requested=false, has-input-connection=false, x=0.0, y=0.0, child-count=3}
06-01 18:34:49.763 18900 18921 E TestRunner: |
06-01 18:34:49.763 18900 18921 E TestRunner: +-------->LinearLayout{id=-1, visibility=VISIBLE, width=1222, height=175, has-focus=false, has-focusable=false, has-window-focus=true, is-clickable=false, is-enabled=true, is-focused=false, is-focusable=false, is-layout-requested=false, is-selected=false, layout-params=android.widget.LinearLayout$LayoutParams@2c9b9a7, tag=null, root-is-layout-requested=false, has-input-connection=false, x=35.0, y=35.0, child-count=2}
06-01 18:34:49.763 18900 18921 E TestRunner: |
06-01 18:34:49.763 18900 18921 E TestRunner: +--------->AppCompatImageView{id=2131230964, res-name=iv_location, desc=image, visibility=VISIBLE, width=175, height=175, has-focus=false, has-focusable=false, has-window-focus=true, is-clickable=false, is-enabled=true, is-focused=false, is-focusable=false, is-layout-requested=false, is-selected=false, layout-params=android.widget.LinearLayout$LayoutParams@49f1e54, tag=null, root-is-layout-requested=false, has-input-connection=false, x=0.0, y=0.0}
06-01 18:34:49.763 18900 18921 E TestRunner: |
06-01 18:34:49.763 18900 18921 E TestRunner: +--------->LinearLayout{id=-1, visibility=VISIBLE, width=1012, height=161, has-focus=false, has-focusable=false, has-window-focus=true, is-clickable=false, is-enabled=true, is-focused=false, is-focusable=false, is-layout-requested=false, is-selected=false, layout-params=android.widget.LinearLayout$LayoutParams@bf5b1fd, tag=null, root-is-layout-requested=false, has-input-connection=false, x=210.0, y=0.0, child-count=2}
06-01 18:34:49.763 18900 18921 E TestRunner: |
06-01 18:34:49.763 18900 18921 E TestRunner: +---------->AppCompatTextView{id=2131231210, res-name=tv_name, visibility=VISIBLE, width=1012, height=85, has-focus=false, has-focusable=false, has-window-focus=true, is-clickable=false, is-enabled=true, is-focused=false, is-focusable=false, is-layout-requested=false, is-selected=false, layout-params=android.widget.LinearLayout$LayoutParams@a860ef2, tag=null, root-is-layout-requested=false, has-input-connection=false, x=0.0, y=0.0, text=Globe, input-type=0, ime-target=false, has-links=false}
06-01 18:34:49.763 18900 18921 E TestRunner: |
06-01 18:34:49.763 18900 18921 E TestRunner: +---------->AppCompatTextView{id=2131231204, res-name=tv_country, visibility=VISIBLE, width=1012, height=76, has-focus=false, has-focusable=false, has-window-focus=true, is-clickable=false, is-enabled=true, is-focused=false, is-focusable=false, is-layout-requested=false, is-selected=false, layout-params=android.widget.LinearLayout$LayoutParams@4ce4943, tag=null, root-is-layout-requested=false, has-input-connection=false, x=0.0, y=85.0, text=, input-type=0, ime-target=false, has-links=false}
06-01 18:34:49.763 18900 18921 E TestRunner: |
06-01 18:34:49.763 18900 18921 E TestRunner: +-------->View{id=-1, visibility=VISIBLE, width=1110, height=4, has-focus=false, has-focusable=false, has-window-focus=true, is-clickable=false, is-enabled=true, is-focused=false, is-focusable=false, is-layout-requested=false, is-selected=false, layout-params=android.widget.LinearLayout$LayoutParams@2f9cbc0, tag=null, root-is-layout-requested=false, has-input-connection=false, x=91.0, y=266.0}
06-01 18:34:49.763 18900 18921 E TestRunner: |
06-01 18:34:49.763 18900 18921 E TestRunner: +-------->LinearLayout{id=-1, visibility=VISIBLE, width=1222, height=251, has-focus=false, has-focusable=false, has-window-focus=true, is-clickable=false, is-enabled=true, is-focused=false, is-focusable=false, is-layout-requested=false, is-selected=false, layout-params=android.widget.LinearLayout$LayoutParams@6f070f9, tag=null, root-is-layout-requested=false, has-input-connection=false, x=35.0, y=326.0, child-count=2}
06-01 18:34:49.763 18900 18921 E TestRunner: |
06-01 18:34:49.763 18900 18921 E TestRunner: +--------->LinearLayout{id=-1, visibility=VISIBLE, width=210, height=251, has-focus=false, has-focusable=false, has-window-focus=true, is-clickable=false, is-enabled=true, is-focused=false, is-focusable=false, is-layout-requested=false, is-selected=false, layout-params=android.widget.LinearLayout$LayoutParams@62283e, tag=null, root-is-layout-requested=false, has-input-connection=false, x=366.0, y=0.0, child-count=2}
06-01 18:34:49.763 18900 18921 E TestRunner: |
06-01 18:34:49.763 18900 18921 E TestRunner: +---------->AppCompatImageView{id=2131230967, res-name=iv_sunrise, desc=image, visibility=VISIBLE, width=175, height=175, has-focus=false, has-focusable=false, has-window-focus=true, is-clickable=false, is-enabled=true, is-focused=false, is-focusable=false, is-layout-requested=false, is-selected=false, layout-params=android.widget.LinearLayout$LayoutParams@2369f, tag=null, root-is-layout-requested=false, has-input-connection=false, x=0.0, y=0.0}
06-01 18:34:49.763 18900 18921 E TestRunner: |
06-01 18:34:49.763 18900 18921 E TestRunner: +---------->AppCompatTextView{id=2131231213, res-name=tv_sunrise_time, visibility=VISIBLE, width=210, height=76, has-focus=false, has-focusable=false, has-window-focus=true, is-clickable=false, is-enabled=true, is-focused=false, is-focusable=false, is-layout-requested=false, is-selected=false, layout-params=android.widget.LinearLayout$LayoutParams@b8fe3ec, tag=null, root-is-layout-requested=false, has-input-connection=false, x=0.0, y=175.0, text=00:54:24, input-type=0, ime-target=false, has-links=false}
06-01 18:34:49.763 18900 18921 E TestRunner: |
06-01 18:34:49.763 18900 18921 E TestRunner: +--------->LinearLayout{id=-1, visibility=VISIBLE, width=210, height=251, has-focus=false, has-focusable=false, has-window-focus=true, is-clickable=false, is-enabled=true, is-focused=false, is-focusable=false, is-layout-requested=false, is-selected=false, layout-params=android.widget.LinearLayout$LayoutParams@83e23b5, tag=null, root-is-layout-requested=false, has-input-connection=false, x=646.0, y=0.0, child-count=2}
06-01 18:34:49.763 18900 18921 E TestRunner: |
06-01 18:34:49.763 18900 18921 E TestRunner: +---------->AppCompatImageView{id=2131230968, res-name=iv_sunset, desc=image, visibility=VISIBLE, width=175, height=175, has-focus=false, has-focusable=false, has-window-focus=true, is-clickable=false, is-enabled=true, is-focused=false, is-focusable=false, is-layout-requested=false, is-selected=false, layout-params=android.widget.LinearLayout$LayoutParams@4548a4a, tag=null, root-is-layout-requested=false, has-input-connection=false, x=0.0, y=0.0}
06-01 18:34:49.763 18900 18921 E TestRunner: |
06-01 18:34:49.763 18900 18921 E TestRunner: +---------->AppCompatTextView{id=2131231214, res-name=tv_sunset_time, visibility=VISIBLE, width=210, height=76, has-focus=false, has-focusable=false, has-window-focus=true, is-clickable=false, is-enabled=true, is-focused=false, is-focusable=false, is-layout-requested=false, is-selected=false, layout-params=android.widget.LinearLayout$LayoutParams@95d9dbb, tag=null, root-is-layout-requested=false, has-input-connection=false, x=0.0, y=175.0, text=13:01:34, input-type=0, ime-target=false, has-links=false}
06-01 18:34:49.763 18900 18921 E TestRunner: |
06-01 18:34:49.763 18900 18921 E TestRunner: +------>AppCompatButton{id=2131230821, res-name=buttonCelsius, visibility=VISIBLE, width=700, height=168, has-focus=false, has-focusable=true, has-window-focus=true, is-clickable=true, is-enabled=true, is-focused=false, is-focusable=true, is-layout-requested=false, is-selected=false, layout-params=android.widget.LinearLayout$LayoutParams@c8d52d8, tag=null, root-is-layout-requested=false, has-input-connection=false, x=370.0, y=1393.0, text=Celsius, input-type=0, ime-target=false, has-links=false}
06-01 18:34:49.763 18900 18921 E TestRunner: |
06-01 18:34:49.763 18900 18921 E TestRunner: +------>AppCompatButton{id=2131230822, res-name=buttonFahrenheit, visibility=VISIBLE, width=700, height=168, has-focus=false, has-focusable=true, has-window-focus=true, is-clickable=true, is-enabled=true, is-focused=false, is-focusable=true, is-layout-requested=false, is-selected=false, layout-params=android.widget.LinearLayout$LayoutParams@27a4631, tag=null, root-is-layout-requested=false, has-input-connection=false, x=370.0, y=1621.0, text=Fahrenheit, input-type=0, ime-target=false, has-links=false}
06-01 18:34:49.763 18900 18921 E TestRunner: |
06-01 18:34:49.763 18900 18921 E TestRunner: +---->ActionBarContainer{id=2131230773, res-name=action_bar_container, visibility=VISIBLE, width=1440, height=196, has-focus=false, has-focusable=false, has-window-focus=true, is-clickable=false, is-enabled=true, is-focused=false, is-focusable=false, is-layout-requested=false, is-selected=false, layout-params=androidx.appcompat.widget.ActionBarOverlayLayout$LayoutParams@33e5a97, tag=null, root-is-layout-requested=false, has-input-connection=false, x=0.0, y=0.0, child-count=2}
06-01 18:34:49.763 18900 18921 E TestRunner: |
06-01 18:34:49.763 18900 18921 E TestRunner: +----->Toolbar{id=2131230771, res-name=action_bar, visibility=VISIBLE, width=1440, height=196, has-focus=false, has-focusable=false, has-window-focus=true, is-clickable=false, is-enabled=true, is-focused=false, is-focusable=false, is-layout-requested=false, is-selected=false, layout-params=android.widget.FrameLayout$LayoutParams@8f0c484, tag=null, root-is-layout-requested=false, has-input-connection=false, x=0.0, y=0.0, child-count=2}
06-01 18:34:49.763 18900 18921 E TestRunner: |
06-01 18:34:49.763 18900 18921 E TestRunner: +------>AppCompatTextView{id=-1, visibility=VISIBLE, width=403, height=93, has-focus=false, has-focusable=false, has-window-focus=true, is-clickable=false, is-enabled=true, is-focused=false, is-focusable=false, is-layout-requested=false, is-selected=false, layout-params=androidx.appcompat.widget.Toolbar$LayoutParams@c7c146d, tag=null, root-is-layout-requested=false, has-input-connection=false, x=56.0, y=51.0, text=Weather App, input-type=0, ime-target=false, has-links=false}
06-01 18:34:49.763 18900 18921 E TestRunner: |
06-01 18:34:49.763 18900 18921 E TestRunner: +------>ActionMenuView{id=-1, visibility=VISIBLE, width=196, height=196, has-focus=false, has-focusable=false, has-window-focus=true, is-clickable=false, is-enabled=true, is-focused=false, is-focusable=false, is-layout-requested=false, is-selected=false, layout-params=androidx.appcompat.widget.Toolbar$LayoutParams@85c18a2, tag=null, root-is-layout-requested=false, has-input-connection=false, x=1244.0, y=0.0, child-count=1}
06-01 18:34:49.763 18900 18921 E TestRunner: |
06-01 18:34:49.763 18900 18921 E TestRunner: +------->ActionMenuItemView{id=2131230787, res-name=action_refresh, desc=Refresh, visibility=VISIBLE, width=196, height=168, has-focus=false, has-focusable=false, has-window-focus=true, is-clickable=true, is-enabled=true, is-focused=false, is-focusable=true, is-layout-requested=false, is-selected=false, layout-params=androidx.appcompat.widget.ActionMenuView$LayoutParams@e040933, tag=null, root-is-layout-requested=false, has-input-connection=false, x=0.0, y=14.0, text=, input-type=0, ime-target=false, has-links=false}
06-01 18:34:49.763 18900 18921 E TestRunner: |
06-01 18:34:49.763 18900 18921 E TestRunner: +----->ActionBarContextView{id=2131230779, res-name=action_context_bar, visibility=GONE, width=0, height=0, has-focus=false, has-focusable=false, has-window-focus=true, is-clickable=false, is-enabled=true, is-focused=false, is-focusable=false, is-layout-requested=true, is-selected=false, layout-params=android.widget.FrameLayout$LayoutParams@2f7a4f0, tag=null, root-is-layout-requested=false, has-input-connection=false, x=0.0, y=0.0, child-count=0}
06-01 18:34:49.763 18900 18921 E TestRunner: |
06-01 18:34:49.763 18900 18921 E TestRunner: +->View{id=16908336, res-name=navigationBarBackground, visibility=VISIBLE, width=1440, height=56, has-focus=false, has-focusable=false, has-window-focus=true, is-clickable=false, is-enabled=true, is-focused=false, is-focusable=false, is-layout-requested=false, is-selected=false, layout-params=android.widget.FrameLayout$LayoutParams@9528a69, tag=null, root-is-layout-requested=false, has-input-connection=false, x=0.0, y=2504.0}
06-01 18:34:49.763 18900 18921 E TestRunner: |
06-01 18:34:49.763 18900 18921 E TestRunner: +->View{id=16908335, res-name=statusBarBackground, visibility=VISIBLE, width=1440, height=84, has-focus=false, has-focusable=false, has-window-focus=true, is-clickable=false, is-enabled=true, is-focused=false, is-focusable=false, is-layout-requested=false, is-selected=false, layout-params=android.widget.FrameLayout$LayoutParams@4871cee, tag=null, root-is-layout-requested=false, has-input-connection=false, x=0.0, y=0.0}
06-01 18:34:49.763 18900 18921 E TestRunner: 	at dalvik.system.VMStack.getThreadStackTrace(Native Method)
06-01 18:34:49.763 18900 18921 E TestRunner: 	at java.lang.Thread.getStackTrace(Thread.java:1724)
06-01 18:34:49.763 18900 18921 E TestRunner: 	at androidx.test.espresso.base.DefaultFailureHandler.getUserFriendlyError(DefaultFailureHandler.java:12)
06-01 18:34:49.763 18900 18921 E TestRunner: 	at androidx.test.espresso.base.DefaultFailureHandler.handle(DefaultFailureHandler.java:7)
06-01 18:34:49.763 18900 18921 E TestRunner: 	at androidx.test.espresso.ViewInteraction.waitForAndHandleInteractionResults(ViewInteraction.java:8)
06-01 18:34:49.763 18900 18921 E TestRunner: 	at androidx.test.espresso.ViewInteraction.check(ViewInteraction.java:12)
06-01 18:34:49.763 18900 18921 E TestRunner: 	at com.weatherapp.activities.MainActivityTest.should_display_Globe_when_permissionsAreDenied(MainActivityTest.kt:60)
06-01 18:34:49.763 18900 18921 E TestRunner: 	at java.lang.reflect.Method.invoke(Native Method)
06-01 18:34:49.763 18900 18921 E TestRunner: 	at org.junit.runners.model.FrameworkMethod$1.runReflectiveCall(FrameworkMethod.java:50)
06-01 18:34:49.763 18900 18921 E TestRunner: 	at org.junit.internal.runners.model.ReflectiveCallable.run(ReflectiveCallable.java:12)
06-01 18:34:49.763 18900 18921 E TestRunner: 	at org.junit.runners.model.FrameworkMethod.invokeExplosively(FrameworkMethod.java:47)
06-01 18:34:49.763 18900 18921 E TestRunner: 	at org.junit.internal.runners.statements.InvokeMethod.evaluate(InvokeMethod.java:17)
06-01 18:34:49.763 18900 18921 E TestRunner: 	at androidx.test.rule.GrantPermissionRule$RequestPermissionStatement.evaluate(GrantPermissionRule.java:134)
06-01 18:34:49.763 18900 18921 E TestRunner: 	at org.junit.rules.ExternalResource$1.evaluate(ExternalResource.java:48)
06-01 18:34:49.763 18900 18921 E TestRunner: 	at org.junit.rules.RunRules.evaluate(RunRules.java:20)
06-01 18:34:49.763 18900 18921 E TestRunner: 	at org.junit.runners.ParentRunner.runLeaf(ParentRunner.java:325)
06-01 18:34:49.763 18900 18921 E TestRunner: 	at org.junit.runners.BlockJUnit4ClassRunner.runChild(BlockJUnit4ClassRunner.java:78)
06-01 18:34:49.763 18900 18921 E TestRunner: 	at org.junit.runners.BlockJUnit4ClassRunner.runChild(BlockJUnit4ClassRunner.java:57)
06-01 18:34:49.763 18900 18921 E TestRunner: 	at org.junit.runners.ParentRunner$3.run(ParentRunner.java:290)
06-01 18:34:49.763 18900 18921 E TestRunner: 	at org.junit.runners.ParentRunner$1.schedule(ParentRunner.java:71)
06-01 18:34:49.763 18900 18921 E TestRunner: 	at org.junit.runners.ParentRunner.runChildren(ParentRunner.java:288)
06-01 18:34:49.763 18900 18921 E TestRunner: 	at org.junit.runners.ParentRunner.access$000(ParentRunner.java:58)
06-01 18:34:49.763 18900 18921 E TestRunner: 	at org.junit.runners.ParentRunner$2.evaluate(ParentRunner.java:268)
06-01 18:34:49.763 18900 18921 E TestRunner: 	at org.junit.runners.ParentRunner.run(ParentRunner.java:363)
06-01 18:34:49.763 18900 18921 E TestRunner: 	at org.junit.runners.Suite.runChild(Suite.java:128)
06-01 18:34:49.763 18900 18921 E TestRunner: 	at org.junit.runners.Suite.runChild(Suite.java:27)
06-01 18:34:49.763 18900 18921 E TestRunner: 	at org.junit.runners.ParentRunner$3.run(ParentRunner.java:290)
06-01 18:34:49.763 18900 18921 E TestRunner: 	at org.junit.runners.ParentRunner$1.schedule(ParentRunner.java:71)
06-01 18:34:49.763 18900 18921 E TestRunner: 	at org.junit.runners.ParentRunner.runChildren(ParentRunner.java:288)
06-01 18:34:49.763 18900 18921 E TestRunner: 	at org.junit.runners.ParentRunner.access$000(ParentRunner.java:58)
06-01 18:34:49.763 18900 18921 E TestRunner: 	at org.junit.runners.ParentRunner$2.evaluate(ParentRunner.java:268)
06-01 18:34:49.763 18900 18921 E TestRunner: 	at org.junit.runners.ParentRunner.run(ParentRunner.java:363)
06-01 18:34:49.763 18900 18921 E TestRunner: 	at org.junit.runner.JUnitCore.run(JUnitCore.java:137)
06-01 18:34:49.763 18900 18921 E TestRunner: 	at org.junit.runner.JUnitCore.run(JUnitCore.java:115)
06-01 18:34:49.763 18900 18921 E TestRunner: 	at androidx.test.internal.runner.TestExecutor.execute(TestExecutor.java:56)
06-01 18:34:49.763 18900 18921 E TestRunner: 	at androidx.test.runner.AndroidJUnitRunner.onStart(AndroidJUnitRunner.java:444)
06-01 18:34:49.763 18900 18921 E TestRunner: 	at android.app.Instrumentation$InstrumentationThread.run(Instrumentation.java:2278)
06-01 18:34:49.763 18900 18921 E TestRunner: ----- end exception -----
06-01 18:34:49.765   577  3171 W InputReader: Device virtio_input_multi_touch_4 is associated with display ADISPLAY_ID_NONE.
06-01 18:34:49.765   577  3171 W InputReader: Device virtio_input_multi_touch_11 is associated with display ADISPLAY_ID_NONE.
06-01 18:34:49.769   577  3171 W InputReader: Device virtio_input_multi_touch_8 is associated with display ADISPLAY_ID_NONE.
06-01 18:34:49.769   577  3171 W InputReader: Device virtio_input_multi_touch_2 is associated with display ADISPLAY_ID_NONE.
06-01 18:34:49.769   577  3171 W InputReader: Device virtio_input_multi_touch_9 is associated with display ADISPLAY_ID_NONE.
06-01 18:34:49.769   577  3171 W InputReader: Device virtio_input_multi_touch_10 is associated with display ADISPLAY_ID_NONE.
06-01 18:34:49.769   577  3171 W InputReader: Device virtio_input_multi_touch_3 is associated with display ADISPLAY_ID_NONE.
06-01 18:34:49.770   577  3171 W InputReader: Device virtio_input_multi_touch_7 is associated with display ADISPLAY_ID_NONE.
06-01 18:34:49.770   577  3171 W InputReader: Device virtio_input_multi_touch_5 is associated with display ADISPLAY_ID_NONE.
06-01 18:34:49.770   577  3171 W InputReader: Device virtio_input_multi_touch_6 is associated with display ADISPLAY_ID_NONE.
06-01 18:34:49.781 18900 18921 I ParcelableFailure: Stack trace too long, trimmed to first 16383 characters.
06-01 18:34:49.787 18900 18921 I TestRunner: finished: should_display_Globe_when_permissionsAreDenied(com.weatherapp.activities.MainActivityTest)
